<?xml version="1.0" encoding="UTF-8"?>
<module type="JAVA_MODULE" version="4">
  <component name="NewModuleRootManager" inherit-compiler-output="true">
    <content url="file://$MODULE_DIR$">
      <sourceFolder url="file://$MODULE_DIR$" isTestSource="true" packagePrefix="test" />
    </content>
    <orderEntry type="sourceFolder" forTests="false" />
    <orderEntry type="library" exported="" name="buck_out_gen_lib_junit_jar" level="project" />
    <orderEntry type="module" module-name="module_src" scope="TEST" />
    <orderEntry type="inheritedJdk" />
  </component>
</module>
