<component name="libraryTable">
  <library name="buck_out_gen_libs_generated_jar">
    <CLASSES>
      <root url="jar://$PROJECT_DIR$/buck-out/gen/libs/generated.jar!/" />
    </CLASSES>
    <JAVADOC />
    <SOURCES>
      <root url="jar://$PROJECT_DIR$/buck-out/gen/libs/generated-sources.jar!/" />
    </SOURCES>
  </library>
</component>
